
> frontend@0.1.0 dev
> next dev --turbopack

   ▲ Next.js 15.5.22 (Turbopack)
   - Local:        http://localhost:3000
   - Network:      http://192.168.162.251:3000

 ✓ Starting...
Attention: Next.js now collects completely anonymous telemetry regarding usage.
This information is used to shape Next.js' roadmap and prioritize features.
You can learn more, including how to opt-out if you'd not like to participate in this anonymous program, by visiting the following URL:
https://nextjs.org/telemetry

 ✓ Ready in 1516ms
 ○ Compiling / ...
 ✓ Compiled / in 14.7s
 HEAD / 200 in 9086ms
 GET / 200 in 16500ms
 ○ Compiling /favicon.ico ...
 ✓ Compiled /favicon.ico in 1595ms
 GET /favicon.ico?favicon.0b3bf435.ico 200 in 2192ms
 ○ Compiling /maintenance ...
 GET /maintenance 200 in 3066ms
 GET /plants 200 in 5413ms
 GET /plants 200 in 622ms
 GET /plants 200 in 824ms
 GET /monitoring 200 in 7819ms
 ✓ Compiled /maintenance in 9.6s
 GET /machines 200 in 8288ms
 GET /machines 200 in 107ms
 GET /machines 200 in 103ms
 GET /monitoring 200 in 104ms
 GET /machines 200 in 149ms
 ○ Compiling /settings ...
 ✓ Compiled /settings in 685ms
 GET /settings 200 in 764ms
 ○ Compiling /team ...
 ✓ Compiled /team in 580ms
 GET /team 200 in 680ms
 GET /settings 200 in 99ms
 GET /settings 200 in 96ms
 GET /team 200 in 77ms
 ○ Compiling /analytics ...
 GET /analytics 200 in 1484ms
 GET /maintenance 200 in 279ms
 ✓ Compiled /analytics in 2.4s
 GET /inventory 200 in 1515ms
 ✓ Compiled /maintenance in 337ms
 GET /maintenance 200 in 1969ms
 GET /maintenance 200 in 2008ms
 ✓ Compiled in 274ms
 GET /maintenance 200 in 787ms
 GET /maintenance 200 in 327ms
 ✓ Compiled /maintenance in 183ms
 GET /maintenance 200 in 957ms
 GET /maintenance 200 in 1037ms
 ○ Compiling /login ...
 ✓ Compiled /login in 885ms
 GET /login 200 in 1012ms
 ✓ Compiled in 5.2s
 GET /login 200 in 1202ms
 ✓ Compiled in 717ms
 ✓ Compiled in 583ms
 GET /login 200 in 461ms
 ✓ Compiled in 783ms
 ✓ Compiled in 688ms
