sys:1: SAWarning: Column 'users.id' is marked as a member of the primary key for table 'users', but has no Python-side or server-side default generator indicated, nor does it indicate 'autoincrement=True' or 'nullable=True', and no explicit value is passed.  Primary key columns typically may not store NULL.
Traceback (most recent call last):
  File "/home/adhi/Adhii/OneForAll/backend/.venv/lib/python3.10/site-packages/sqlalchemy/dialects/postgresql/asyncpg.py", line 538, in _prepare_and_execute
    self._rows = deque(await prepared_stmt.fetch(*parameters))
  File "/home/adhi/Adhii/OneForAll/backend/.venv/lib/python3.10/site-packages/asyncpg/prepared_stmt.py", line 177, in fetch
    data = await self.__bind_execute(args, 0, timeout)
  File "/home/adhi/Adhii/OneForAll/backend/.venv/lib/python3.10/site-packages/asyncpg/prepared_stmt.py", line 268, in __bind_execute
    data, status, _ = await self.__do_execute(
  File "/home/adhi/Adhii/OneForAll/backend/.venv/lib/python3.10/site-packages/asyncpg/prepared_stmt.py", line 257, in __do_execute
    return await executor(protocol)
  File "asyncpg/protocol/protocol.pyx", line 205, in bind_execute
asyncpg.exceptions.NotNullViolationError: null value in column "id" of relation "users" violates not-null constraint
DETAIL:  Failing row contains (admin@orvixo.com, Adithyen K, $2b$12$qfZ/hVhPsDOnJxcob19WUu.Hn4Sdk.jV2pbgEzZA1dv1DLkCZS0.i, admin, t, t, null, 2026-08-07 06:17:24.217218+00, 2026-08-07 06:17:24.217218+00).

The above exception was the direct cause of the following exception:

Traceback (most recent call last):
  File "/home/adhi/Adhii/OneForAll/backend/.venv/lib/python3.10/site-packages/sqlalchemy/engine/base.py", line 1967, in _exec_single_context
    self.dialect.do_execute(
  File "/home/adhi/Adhii/OneForAll/backend/.venv/lib/python3.10/site-packages/sqlalchemy/engine/default.py", line 941, in do_execute
    cursor.execute(statement, parameters)
  File "/home/adhi/Adhii/OneForAll/backend/.venv/lib/python3.10/site-packages/sqlalchemy/dialects/postgresql/asyncpg.py", line 572, in execute
    self._adapt_connection.await_(
  File "/home/adhi/Adhii/OneForAll/backend/.venv/lib/python3.10/site-packages/sqlalchemy/util/_concurrency_py3k.py", line 132, in await_only
    return current.parent.switch(awaitable)  # type: ignore[no-any-return,attr-defined] # noqa: E501
  File "/home/adhi/Adhii/OneForAll/backend/.venv/lib/python3.10/site-packages/sqlalchemy/util/_concurrency_py3k.py", line 196, in greenlet_spawn
    value = await result
  File "/home/adhi/Adhii/OneForAll/backend/.venv/lib/python3.10/site-packages/sqlalchemy/dialects/postgresql/asyncpg.py", line 550, in _prepare_and_execute
    self._handle_exception(error)
  File "/home/adhi/Adhii/OneForAll/backend/.venv/lib/python3.10/site-packages/sqlalchemy/dialects/postgresql/asyncpg.py", line 501, in _handle_exception
    self._adapt_connection._handle_exception(error)
  File "/home/adhi/Adhii/OneForAll/backend/.venv/lib/python3.10/site-packages/sqlalchemy/dialects/postgresql/asyncpg.py", line 784, in _handle_exception
    raise translated_error from error
sqlalchemy.dialects.postgresql.asyncpg.AsyncAdapt_asyncpg_dbapi.IntegrityError: <class 'asyncpg.exceptions.NotNullViolationError'>: null value in column "id" of relation "users" violates not-null constraint
DETAIL:  Failing row contains (admin@orvixo.com, Adithyen K, $2b$12$qfZ/hVhPsDOnJxcob19WUu.Hn4Sdk.jV2pbgEzZA1dv1DLkCZS0.i, admin, t, t, null, 2026-08-07 06:17:24.217218+00, 2026-08-07 06:17:24.217218+00).

The above exception was the direct cause of the following exception:

Traceback (most recent call last):
  File "/home/adhi/Adhii/OneForAll/backend/rescue_seed.py", line 25, in <module>
    asyncio.run(seed())
  File "/usr/lib/python3.10/asyncio/runners.py", line 44, in run
    return loop.run_until_complete(main)
  File "/usr/lib/python3.10/asyncio/base_events.py", line 649, in run_until_complete
    return future.result()
  File "/home/adhi/Adhii/OneForAll/backend/rescue_seed.py", line 21, in seed
    await session.commit()
  File "/home/adhi/Adhii/OneForAll/backend/.venv/lib/python3.10/site-packages/sqlalchemy/ext/asyncio/session.py", line 1009, in commit
    await greenlet_spawn(self.sync_session.commit)
  File "/home/adhi/Adhii/OneForAll/backend/.venv/lib/python3.10/site-packages/sqlalchemy/util/_concurrency_py3k.py", line 203, in greenlet_spawn
    result = context.switch(value)
  File "/home/adhi/Adhii/OneForAll/backend/.venv/lib/python3.10/site-packages/sqlalchemy/orm/session.py", line 2028, in commit
    trans.commit(_to_root=True)
  File "<string>", line 2, in commit
  File "/home/adhi/Adhii/OneForAll/backend/.venv/lib/python3.10/site-packages/sqlalchemy/orm/state_changes.py", line 139, in _go
    ret_value = fn(self, *arg, **kw)
  File "/home/adhi/Adhii/OneForAll/backend/.venv/lib/python3.10/site-packages/sqlalchemy/orm/session.py", line 1313, in commit
    self._prepare_impl()
  File "<string>", line 2, in _prepare_impl
  File "/home/adhi/Adhii/OneForAll/backend/.venv/lib/python3.10/site-packages/sqlalchemy/orm/state_changes.py", line 139, in _go
    ret_value = fn(self, *arg, **kw)
  File "/home/adhi/Adhii/OneForAll/backend/.venv/lib/python3.10/site-packages/sqlalchemy/orm/session.py", line 1288, in _prepare_impl
    self.session.flush()
  File "/home/adhi/Adhii/OneForAll/backend/.venv/lib/python3.10/site-packages/sqlalchemy/orm/session.py", line 4352, in flush
    self._flush(objects)
  File "/home/adhi/Adhii/OneForAll/backend/.venv/lib/python3.10/site-packages/sqlalchemy/orm/session.py", line 4487, in _flush
    with util.safe_reraise():
  File "/home/adhi/Adhii/OneForAll/backend/.venv/lib/python3.10/site-packages/sqlalchemy/util/langhelpers.py", line 146, in __exit__
    raise exc_value.with_traceback(exc_tb)
  File "/home/adhi/Adhii/OneForAll/backend/.venv/lib/python3.10/site-packages/sqlalchemy/orm/session.py", line 4448, in _flush
    flush_context.execute()
  File "/home/adhi/Adhii/OneForAll/backend/.venv/lib/python3.10/site-packages/sqlalchemy/orm/unitofwork.py", line 466, in execute
    rec.execute(self)
  File "/home/adhi/Adhii/OneForAll/backend/.venv/lib/python3.10/site-packages/sqlalchemy/orm/unitofwork.py", line 642, in execute
    util.preloaded.orm_persistence.save_obj(
  File "/home/adhi/Adhii/OneForAll/backend/.venv/lib/python3.10/site-packages/sqlalchemy/orm/persistence.py", line 93, in save_obj
    _emit_insert_statements(
  File "/home/adhi/Adhii/OneForAll/backend/.venv/lib/python3.10/site-packages/sqlalchemy/orm/persistence.py", line 1233, in _emit_insert_statements
    result = connection.execute(
  File "/home/adhi/Adhii/OneForAll/backend/.venv/lib/python3.10/site-packages/sqlalchemy/engine/base.py", line 1418, in execute
    return meth(
  File "/home/adhi/Adhii/OneForAll/backend/.venv/lib/python3.10/site-packages/sqlalchemy/sql/elements.py", line 515, in _execute_on_connection
    return connection._execute_clauseelement(
  File "/home/adhi/Adhii/OneForAll/backend/.venv/lib/python3.10/site-packages/sqlalchemy/engine/base.py", line 1640, in _execute_clauseelement
    ret = self._execute_context(
  File "/home/adhi/Adhii/OneForAll/backend/.venv/lib/python3.10/site-packages/sqlalchemy/engine/base.py", line 1846, in _execute_context
    return self._exec_single_context(
  File "/home/adhi/Adhii/OneForAll/backend/.venv/lib/python3.10/site-packages/sqlalchemy/engine/base.py", line 1986, in _exec_single_context
    self._handle_dbapi_exception(
  File "/home/adhi/Adhii/OneForAll/backend/.venv/lib/python3.10/site-packages/sqlalchemy/engine/base.py", line 2355, in _handle_dbapi_exception
    raise sqlalchemy_exception.with_traceback(exc_info[2]) from e
  File "/home/adhi/Adhii/OneForAll/backend/.venv/lib/python3.10/site-packages/sqlalchemy/engine/base.py", line 1967, in _exec_single_context
    self.dialect.do_execute(
  File "/home/adhi/Adhii/OneForAll/backend/.venv/lib/python3.10/site-packages/sqlalchemy/engine/default.py", line 941, in do_execute
    cursor.execute(statement, parameters)
  File "/home/adhi/Adhii/OneForAll/backend/.venv/lib/python3.10/site-packages/sqlalchemy/dialects/postgresql/asyncpg.py", line 572, in execute
    self._adapt_connection.await_(
  File "/home/adhi/Adhii/OneForAll/backend/.venv/lib/python3.10/site-packages/sqlalchemy/util/_concurrency_py3k.py", line 132, in await_only
    return current.parent.switch(awaitable)  # type: ignore[no-any-return,attr-defined] # noqa: E501
  File "/home/adhi/Adhii/OneForAll/backend/.venv/lib/python3.10/site-packages/sqlalchemy/util/_concurrency_py3k.py", line 196, in greenlet_spawn
    value = await result
  File "/home/adhi/Adhii/OneForAll/backend/.venv/lib/python3.10/site-packages/sqlalchemy/dialects/postgresql/asyncpg.py", line 550, in _prepare_and_execute
    self._handle_exception(error)
  File "/home/adhi/Adhii/OneForAll/backend/.venv/lib/python3.10/site-packages/sqlalchemy/dialects/postgresql/asyncpg.py", line 501, in _handle_exception
    self._adapt_connection._handle_exception(error)
  File "/home/adhi/Adhii/OneForAll/backend/.venv/lib/python3.10/site-packages/sqlalchemy/dialects/postgresql/asyncpg.py", line 784, in _handle_exception
    raise translated_error from error
sqlalchemy.exc.IntegrityError: (sqlalchemy.dialects.postgresql.asyncpg.IntegrityError) <class 'asyncpg.exceptions.NotNullViolationError'>: null value in column "id" of relation "users" violates not-null constraint
DETAIL:  Failing row contains (admin@orvixo.com, Adithyen K, $2b$12$qfZ/hVhPsDOnJxcob19WUu.Hn4Sdk.jV2pbgEzZA1dv1DLkCZS0.i, admin, t, t, null, 2026-08-07 06:17:24.217218+00, 2026-08-07 06:17:24.217218+00).
[SQL: INSERT INTO users (email, full_name, password_hash, role, is_active, email_verified) VALUES ($1::VARCHAR, $2::VARCHAR, $3::VARCHAR, $4::VARCHAR, $5::BOOLEAN, $6::BOOLEAN) RETURNING users.created_at, users.updated_at]
[parameters: ('admin@orvixo.com', 'Adithyen K', '$2b$12$qfZ/hVhPsDOnJxcob19WUu.Hn4Sdk.jV2pbgEzZA1dv1DLkCZS0.i', 'admin', True, True)]
(Background on this error at: https://sqlalche.me/e/20/gkpj)
