INFO:     Started server process [179744]
INFO:     Waiting for application startup.
{"timestamp": "2026-08-07T09:31:05+0530", "level": "INFO", "logger": "app.main", "event": "OneForAll  started", "request_id": null}
{"timestamp": "2026-08-07T09:31:05+0530", "level": "INFO", "logger": "app.agents.quality.scheduler.polling_service", "event": "Quality Polling Service started.", "request_id": null}
INFO:     Application startup complete.
INFO:     Uvicorn running on http://127.0.0.1:8000 (Press CTRL+C to quit)
Getting machine...
Getting machine...
Getting machine...
Getting machine...
Getting machine...
Getting machine...
Getting machine...
Getting machine...
Getting machine...
Getting machine...
Committing DB...
DB COMMITTED
Getting machine...
Getting machine...
Getting machine...
Getting machine...
Getting machine...
Getting machine...
Getting machine...
Getting machine...
Getting machine...
Getting machine...
Committing DB...
DB COMMITTED
Getting machine...
Getting machine...
Getting machine...
Getting machine...
Getting machine...
Getting machine...
Getting machine...
Getting machine...
Getting machine...
Getting machine...
Committing DB...
DB COMMITTED
Getting machine...
Getting machine...
Getting machine...
Getting machine...
Getting machine...
Getting machine...
Getting machine...
Getting machine...
Getting machine...
Getting machine...
Committing DB...
DB COMMITTED
Getting machine...
Getting machine...
Getting machine...
Getting machine...
Getting machine...
Getting machine...
Getting machine...
Getting machine...
Getting machine...
Getting machine...
Committing DB...
DB COMMITTED
Getting machine...
Getting machine...
Getting machine...
Getting machine...
Getting machine...
Getting machine...
Getting machine...
Getting machine...
Getting machine...
Getting machine...
Committing DB...
DB COMMITTED
Getting machine...
Getting machine...
Getting machine...
Getting machine...
Getting machine...
Getting machine...
Getting machine...
Getting machine...
Getting machine...
Getting machine...
Committing DB...
DB COMMITTED
Getting machine...
Getting machine...
Getting machine...
Getting machine...
Getting machine...
Getting machine...
Getting machine...
Getting machine...
Getting machine...
Getting machine...
Committing DB...
DB COMMITTED
Getting machine...
Getting machine...
Getting machine...
Getting machine...
Getting machine...
Getting machine...
Getting machine...
Getting machine...
Getting machine...
Getting machine...
Committing DB...
DB COMMITTED
Getting machine...
Getting machine...
Getting machine...
Getting machine...
Getting machine...
Getting machine...
Getting machine...
Getting machine...
Getting machine...
Getting machine...
Committing DB...
DB COMMITTED
Getting machine...
Getting machine...
Getting machine...
Getting machine...
Getting machine...
Getting machine...
Getting machine...
Getting machine...
Getting machine...
Getting machine...
Committing DB...
DB COMMITTED
Getting machine...
Getting machine...
Getting machine...
Getting machine...
Getting machine...
Getting machine...
Getting machine...
Getting machine...
Getting machine...
Getting machine...
Committing DB...
DB COMMITTED
Getting machine...
Getting machine...
Getting machine...
Getting machine...
Getting machine...
Getting machine...
Getting machine...
Getting machine...
Getting machine...
Getting machine...
Committing DB...
DB COMMITTED
Getting machine...
Getting machine...
Getting machine...
Getting machine...
Getting machine...
Getting machine...
Getting machine...
Getting machine...
Getting machine...
Getting machine...
Committing DB...
DB COMMITTED
Getting machine...
Getting machine...
Getting machine...
Getting machine...
Getting machine...
Getting machine...
Getting machine...
Getting machine...
Getting machine...
Getting machine...
Committing DB...
DB COMMITTED
Getting machine...
Getting machine...
Getting machine...
Getting machine...
Getting machine...
Getting machine...
Getting machine...
Getting machine...
Getting machine...
Getting machine...
Committing DB...
DB COMMITTED
Getting machine...
Getting machine...
Getting machine...
Getting machine...
Getting machine...
Getting machine...
Getting machine...
Getting machine...
Getting machine...
Getting machine...
Committing DB...
DB COMMITTED
Getting machine...
INFO:     127.0.0.1:36314 - "GET /api/v1/agents/quality/dashboard HTTP/1.1" 200 OK
Getting machine...
Getting machine...
Getting machine...
Getting machine...
Getting machine...
Getting machine...
Getting machine...
Getting machine...
Getting machine...
Committing DB...
DB COMMITTED
Getting machine...
Getting machine...
Getting machine...
Getting machine...
Getting machine...
Getting machine...
Getting machine...
Getting machine...
Getting machine...
Getting machine...
Committing DB...
DB COMMITTED
Getting machine...
Getting machine...
Getting machine...
Getting machine...
Getting machine...
Getting machine...
Getting machine...
Getting machine...
Getting machine...
Getting machine...
Committing DB...
DB COMMITTED
Getting machine...
Getting machine...
Getting machine...
Getting machine...
Getting machine...
INFO:     127.0.0.1:42396 - "GET /api/v1/health HTTP/1.1" 200 OK
Getting machine...
Getting machine...
Getting machine...
Getting machine...
Getting machine...
Committing DB...
DB COMMITTED
INFO:     127.0.0.1:43760 - "POST /api/v1/auth/login HTTP/1.1" 200 OK
INFO:     127.0.0.1:43768 - "GET /api/v1/notifications HTTP/1.1" 200 OK
Getting machine...
Getting machine...
Getting machine...
Getting machine...
Getting machine...
Getting machine...
Getting machine...
Getting machine...
Getting machine...
INFO:     127.0.0.1:39764 - "POST /api/v1/auth/login HTTP/1.1" 200 OK
Getting machine...
INFO:     127.0.0.1:39780 - "GET /api/v1/auth/me HTTP/1.1" 200 OK
Committing DB...
DB COMMITTED
INFO:     127.0.0.1:55848 - "GET /api/v1/notifications HTTP/1.1" 200 OK
Getting machine...
Getting machine...
Getting machine...
Getting machine...
INFO:     127.0.0.1:44036 - "POST /api/v1/auth/login HTTP/1.1" 200 OK
Getting machine...
Getting machine...
INFO:     127.0.0.1:44050 - "GET /api/v1/notifications HTTP/1.1" 200 OK
Getting machine...
Getting machine...
Getting machine...
Getting machine...
Committing DB...
DB COMMITTED
Getting machine...
Getting machine...
Getting machine...
Getting machine...
Getting machine...
Getting machine...
Getting machine...
Getting machine...
Getting machine...
Getting machine...
Committing DB...
DB COMMITTED
Getting machine...
Getting machine...
Getting machine...
Getting machine...
Getting machine...
Getting machine...
Getting machine...
Getting machine...
Getting machine...
Getting machine...
Committing DB...
DB COMMITTED
Getting machine...
Getting machine...
Getting machine...
Getting machine...
Getting machine...
Getting machine...
Getting machine...
Getting machine...
Getting machine...
Getting machine...
Committing DB...
DB COMMITTED
Getting machine...
Getting machine...
Getting machine...
Getting machine...
Getting machine...
Getting machine...
Getting machine...
Getting machine...
Getting machine...
Getting machine...
Committing DB...
DB COMMITTED
Getting machine...
Getting machine...
Getting machine...
Getting machine...
Getting machine...
Getting machine...
Getting machine...
Getting machine...
Getting machine...
Getting machine...
Committing DB...
DB COMMITTED
Getting machine...
Getting machine...
Getting machine...
Getting machine...
Getting machine...
Getting machine...
Getting machine...
Getting machine...
Getting machine...
Getting machine...
Committing DB...
DB COMMITTED
Getting machine...
Getting machine...
Getting machine...
Getting machine...
Getting machine...
Getting machine...
Getting machine...
Getting machine...
Getting machine...
Getting machine...
Committing DB...
DB COMMITTED
Getting machine...
Getting machine...
Getting machine...
Getting machine...
Getting machine...
Getting machine...
Getting machine...
Getting machine...
Getting machine...
Getting machine...
Committing DB...
DB COMMITTED
Getting machine...
Getting machine...
Getting machine...
Getting machine...
Getting machine...
Getting machine...
Getting machine...
Getting machine...
Getting machine...
Getting machine...
Committing DB...
DB COMMITTED
Getting machine...
Getting machine...
Getting machine...
Getting machine...
Getting machine...
Getting machine...
Getting machine...
Getting machine...
Getting machine...
Getting machine...
Committing DB...
DB COMMITTED
Getting machine...
Getting machine...
Getting machine...
Getting machine...
Getting machine...
Getting machine...
Getting machine...
Getting machine...
Getting machine...
Getting machine...
Committing DB...
DB COMMITTED
Getting machine...
Getting machine...
Getting machine...
Getting machine...
Getting machine...
Getting machine...
Getting machine...
Getting machine...
Getting machine...
Getting machine...
Committing DB...
DB COMMITTED
Getting machine...
Getting machine...
Getting machine...
Getting machine...
Getting machine...
Getting machine...
Getting machine...
Getting machine...
Getting machine...
Getting machine...
Committing DB...
DB COMMITTED
Getting machine...
Getting machine...
Getting machine...
Getting machine...
Getting machine...
Getting machine...
Getting machine...
Getting machine...
Getting machine...
Getting machine...
Committing DB...
DB COMMITTED
Getting machine...
Getting machine...
Getting machine...
Getting machine...
Getting machine...
Getting machine...
Getting machine...
Getting machine...
Getting machine...
Getting machine...
Committing DB...
DB COMMITTED
Getting machine...
Getting machine...
Getting machine...
Getting machine...
Getting machine...
Getting machine...
Getting machine...
Getting machine...
Getting machine...
Getting machine...
Committing DB...
DB COMMITTED
Getting machine...
Getting machine...
Getting machine...
Getting machine...
Getting machine...
Getting machine...
Getting machine...
Getting machine...
Getting machine...
Getting machine...
Committing DB...
DB COMMITTED
Getting machine...
Getting machine...
Getting machine...
Getting machine...
Getting machine...
Getting machine...
Getting machine...
Getting machine...
Getting machine...
Getting machine...
Committing DB...
DB COMMITTED
Getting machine...
Getting machine...
Getting machine...
Getting machine...
Getting machine...
Getting machine...
Getting machine...
Getting machine...
Getting machine...
Getting machine...
Committing DB...
DB COMMITTED
Getting machine...
Getting machine...
Getting machine...
Getting machine...
Getting machine...
Getting machine...
Getting machine...
Getting machine...
Getting machine...
Getting machine...
Committing DB...
DB COMMITTED
Getting machine...
Getting machine...
Getting machine...
Getting machine...
Getting machine...
Getting machine...
Getting machine...
Getting machine...
Getting machine...
Getting machine...
Committing DB...
DB COMMITTED
Getting machine...
Getting machine...
Getting machine...
Getting machine...
Getting machine...
Getting machine...
Getting machine...
Getting machine...
Getting machine...
Getting machine...
Committing DB...
DB COMMITTED
Getting machine...
Getting machine...
Getting machine...
Getting machine...
Getting machine...
Getting machine...
Getting machine...
Getting machine...
Getting machine...
Getting machine...
Committing DB...
DB COMMITTED
Getting machine...
Getting machine...
Getting machine...
Getting machine...
Getting machine...
Getting machine...
Getting machine...
Getting machine...
Getting machine...
Getting machine...
Committing DB...
DB COMMITTED
Getting machine...
Getting machine...
Getting machine...
Getting machine...
Getting machine...
Getting machine...
Getting machine...
Getting machine...
Getting machine...
Getting machine...
Committing DB...
DB COMMITTED
Getting machine...
Getting machine...
Getting machine...
Getting machine...
Getting machine...
Getting machine...
Getting machine...
Getting machine...
Getting machine...
Getting machine...
Committing DB...
DB COMMITTED
Getting machine...
Getting machine...
Getting machine...
Getting machine...
Getting machine...
Getting machine...
Getting machine...
Getting machine...
Getting machine...
Getting machine...
Committing DB...
DB COMMITTED
Getting machine...
Getting machine...
Getting machine...
Getting machine...
Getting machine...
Getting machine...
Getting machine...
Getting machine...
Getting machine...
Getting machine...
Committing DB...
DB COMMITTED
Getting machine...
Getting machine...
Getting machine...
Getting machine...
Getting machine...
Getting machine...
Getting machine...
Getting machine...
Getting machine...
Getting machine...
Committing DB...
DB COMMITTED
Getting machine...
Getting machine...
Getting machine...
Getting machine...
Getting machine...
Getting machine...
Getting machine...
Getting machine...
Getting machine...
Getting machine...
Committing DB...
DB COMMITTED
Getting machine...
Getting machine...
Getting machine...
Getting machine...
Getting machine...
Getting machine...
Getting machine...
Getting machine...
Getting machine...
Getting machine...
Committing DB...
DB COMMITTED
Getting machine...
Getting machine...
Getting machine...
Getting machine...
Getting machine...
Getting machine...
Getting machine...
Getting machine...
Getting machine...
Getting machine...
Committing DB...
DB COMMITTED
Getting machine...
Getting machine...
Getting machine...
Getting machine...
Getting machine...
Getting machine...
Getting machine...
Getting machine...
Getting machine...
Getting machine...
Committing DB...
DB COMMITTED
Getting machine...
Getting machine...
Getting machine...
Getting machine...
Getting machine...
Getting machine...
Getting machine...
Getting machine...
Getting machine...
Getting machine...
Committing DB...
DB COMMITTED
Getting machine...
Getting machine...
Getting machine...
Getting machine...
Getting machine...
Getting machine...
Getting machine...
Getting machine...
Getting machine...
Getting machine...
Committing DB...
DB COMMITTED
Getting machine...
Getting machine...
Getting machine...
Getting machine...
Getting machine...
Getting machine...
Getting machine...
Getting machine...
Getting machine...
Getting machine...
Committing DB...
DB COMMITTED
Getting machine...
Getting machine...
Getting machine...
Getting machine...
Getting machine...
Getting machine...
Getting machine...
Getting machine...
Getting machine...
Getting machine...
Committing DB...
DB COMMITTED
Getting machine...
Getting machine...
Getting machine...
Getting machine...
Getting machine...
Getting machine...
Getting machine...
Getting machine...
Getting machine...
Getting machine...
Committing DB...
DB COMMITTED
Getting machine...
Getting machine...
Getting machine...
Getting machine...
Getting machine...
Getting machine...
Getting machine...
Getting machine...
Getting machine...
Getting machine...
Committing DB...
DB COMMITTED
Getting machine...
Getting machine...
Getting machine...
Getting machine...
Getting machine...
Getting machine...
Getting machine...
Getting machine...
Getting machine...
Getting machine...
Committing DB...
DB COMMITTED
Getting machine...
Getting machine...
Getting machine...
Getting machine...
Getting machine...
Getting machine...
Getting machine...
Getting machine...
Getting machine...
Getting machine...
Committing DB...
DB COMMITTED
Getting machine...
Getting machine...
Getting machine...
Getting machine...
Getting machine...
Getting machine...
Getting machine...
Getting machine...
Getting machine...
Getting machine...
Committing DB...
DB COMMITTED
Getting machine...
Getting machine...
Getting machine...
Getting machine...
Getting machine...
Getting machine...
Getting machine...
Getting machine...
Getting machine...
Getting machine...
Committing DB...
DB COMMITTED
Getting machine...
Getting machine...
Getting machine...
Getting machine...
Getting machine...
Getting machine...
Getting machine...
Getting machine...
Getting machine...
Getting machine...
Committing DB...
DB COMMITTED
Getting machine...
Getting machine...
Getting machine...
Getting machine...
Getting machine...
Getting machine...
Getting machine...
Getting machine...
Getting machine...
Getting machine...
Committing DB...
DB COMMITTED
Getting machine...
Getting machine...
Getting machine...
Getting machine...
Getting machine...
Getting machine...
Getting machine...
Getting machine...
Getting machine...
Getting machine...
Committing DB...
DB COMMITTED
Getting machine...
Getting machine...
Getting machine...
Getting machine...
Getting machine...
Getting machine...
Getting machine...
Getting machine...
Getting machine...
Getting machine...
Committing DB...
DB COMMITTED
Getting machine...
Getting machine...
Getting machine...
Getting machine...
Getting machine...
Getting machine...
Getting machine...
Getting machine...
Getting machine...
Getting machine...
Committing DB...
DB COMMITTED
Getting machine...
Getting machine...
Getting machine...
Getting machine...
Getting machine...
Getting machine...
Getting machine...
Getting machine...
Getting machine...
Getting machine...
Committing DB...
DB COMMITTED
Getting machine...
Getting machine...
Getting machine...
Getting machine...
Getting machine...
Getting machine...
Getting machine...
Getting machine...
Getting machine...
Getting machine...
Committing DB...
DB COMMITTED
Getting machine...
Getting machine...
Getting machine...
Getting machine...
Getting machine...
Getting machine...
Getting machine...
Getting machine...
Getting machine...
Getting machine...
Committing DB...
DB COMMITTED
Getting machine...
Getting machine...
Getting machine...
Getting machine...
Getting machine...
Getting machine...
Getting machine...
Getting machine...
Getting machine...
Getting machine...
Committing DB...
DB COMMITTED
Getting machine...
Getting machine...
Getting machine...
Getting machine...
Getting machine...
Getting machine...
Getting machine...
Getting machine...
Getting machine...
Getting machine...
Committing DB...
DB COMMITTED
Getting machine...
Getting machine...
Getting machine...
Getting machine...
Getting machine...
Getting machine...
Getting machine...
Getting machine...
Getting machine...
Getting machine...
Committing DB...
DB COMMITTED
Getting machine...
Getting machine...
Getting machine...
Getting machine...
Getting machine...
Getting machine...
Getting machine...
Getting machine...
Getting machine...
Getting machine...
Committing DB...
DB COMMITTED
Getting machine...
Getting machine...
Getting machine...
Getting machine...
Getting machine...
Getting machine...
Getting machine...
Getting machine...
Getting machine...
Getting machine...
Committing DB...
DB COMMITTED
Getting machine...
Getting machine...
Getting machine...
Getting machine...
Getting machine...
Getting machine...
Getting machine...
Getting machine...
Getting machine...
Getting machine...
Committing DB...
DB COMMITTED
Getting machine...
Getting machine...
Getting machine...
Getting machine...
Getting machine...
Getting machine...
Getting machine...
Getting machine...
Getting machine...
Getting machine...
Committing DB...
DB COMMITTED
Getting machine...
Getting machine...
Getting machine...
Getting machine...
Getting machine...
Getting machine...
Getting machine...
Getting machine...
Getting machine...
Getting machine...
Committing DB...
DB COMMITTED
Getting machine...
Getting machine...
Getting machine...
Getting machine...
Getting machine...
Getting machine...
Getting machine...
Getting machine...
Getting machine...
Getting machine...
Committing DB...
DB COMMITTED
{"timestamp": "2026-08-07T10:05:02+0530", "level": "ERROR", "logger": "app.agents.quality.scheduler.polling_service", "event": "Polling cycle failed: Server error '500 Internal Server Error' for url 'https://my.api.mockaroo.com/manufacturing_quality_data.json?key=0357c980'\nFor more information check: https://developer.mozilla.org/en-US/docs/Web/HTTP/Status/500", "request_id": null}
{"timestamp": "2026-08-07T10:05:13+0530", "level": "ERROR", "logger": "app.agents.quality.scheduler.polling_service", "event": "Polling cycle failed: Server error '500 Internal Server Error' for url 'https://my.api.mockaroo.com/manufacturing_quality_data.json?key=0357c980'\nFor more information check: https://developer.mozilla.org/en-US/docs/Web/HTTP/Status/500", "request_id": null}
{"timestamp": "2026-08-07T10:05:24+0530", "level": "ERROR", "logger": "app.agents.quality.scheduler.polling_service", "event": "Polling cycle failed: Server error '500 Internal Server Error' for url 'https://my.api.mockaroo.com/manufacturing_quality_data.json?key=0357c980'\nFor more information check: https://developer.mozilla.org/en-US/docs/Web/HTTP/Status/500", "request_id": null}
{"timestamp": "2026-08-07T10:05:36+0530", "level": "ERROR", "logger": "app.agents.quality.scheduler.polling_service", "event": "Polling cycle failed: Server error '500 Internal Server Error' for url 'https://my.api.mockaroo.com/manufacturing_quality_data.json?key=0357c980'\nFor more information check: https://developer.mozilla.org/en-US/docs/Web/HTTP/Status/500", "request_id": null}
{"timestamp": "2026-08-07T10:05:47+0530", "level": "ERROR", "logger": "app.agents.quality.scheduler.polling_service", "event": "Polling cycle failed: Server error '500 Internal Server Error' for url 'https://my.api.mockaroo.com/manufacturing_quality_data.json?key=0357c980'\nFor more information check: https://developer.mozilla.org/en-US/docs/Web/HTTP/Status/500", "request_id": null}
{"timestamp": "2026-08-07T10:06:02+0530", "level": "ERROR", "logger": "app.agents.quality.scheduler.polling_service", "event": "Polling cycle failed: Server error '500 Internal Server Error' for url 'https://my.api.mockaroo.com/manufacturing_quality_data.json?key=0357c980'\nFor more information check: https://developer.mozilla.org/en-US/docs/Web/HTTP/Status/500", "request_id": null}
{"timestamp": "2026-08-07T10:06:13+0530", "level": "ERROR", "logger": "app.agents.quality.scheduler.polling_service", "event": "Polling cycle failed: Server error '500 Internal Server Error' for url 'https://my.api.mockaroo.com/manufacturing_quality_data.json?key=0357c980'\nFor more information check: https://developer.mozilla.org/en-US/docs/Web/HTTP/Status/500", "request_id": null}
{"timestamp": "2026-08-07T10:06:25+0530", "level": "ERROR", "logger": "app.agents.quality.scheduler.polling_service", "event": "Polling cycle failed: Server error '500 Internal Server Error' for url 'https://my.api.mockaroo.com/manufacturing_quality_data.json?key=0357c980'\nFor more information check: https://developer.mozilla.org/en-US/docs/Web/HTTP/Status/500", "request_id": null}
{"timestamp": "2026-08-07T10:06:39+0530", "level": "ERROR", "logger": "app.agents.quality.scheduler.polling_service", "event": "Polling cycle failed: Server error '500 Internal Server Error' for url 'https://my.api.mockaroo.com/manufacturing_quality_data.json?key=0357c980'\nFor more information check: https://developer.mozilla.org/en-US/docs/Web/HTTP/Status/500", "request_id": null}
{"timestamp": "2026-08-07T10:06:50+0530", "level": "ERROR", "logger": "app.agents.quality.scheduler.polling_service", "event": "Polling cycle failed: Server error '500 Internal Server Error' for url 'https://my.api.mockaroo.com/manufacturing_quality_data.json?key=0357c980'\nFor more information check: https://developer.mozilla.org/en-US/docs/Web/HTTP/Status/500", "request_id": null}
{"timestamp": "2026-08-07T10:07:01+0530", "level": "ERROR", "logger": "app.agents.quality.scheduler.polling_service", "event": "Polling cycle failed: Server error '500 Internal Server Error' for url 'https://my.api.mockaroo.com/manufacturing_quality_data.json?key=0357c980'\nFor more information check: https://developer.mozilla.org/en-US/docs/Web/HTTP/Status/500", "request_id": null}
{"timestamp": "2026-08-07T10:07:13+0530", "level": "ERROR", "logger": "app.agents.quality.scheduler.polling_service", "event": "Polling cycle failed: Server error '500 Internal Server Error' for url 'https://my.api.mockaroo.com/manufacturing_quality_data.json?key=0357c980'\nFor more information check: https://developer.mozilla.org/en-US/docs/Web/HTTP/Status/500", "request_id": null}
{"timestamp": "2026-08-07T10:07:24+0530", "level": "ERROR", "logger": "app.agents.quality.scheduler.polling_service", "event": "Polling cycle failed: Server error '500 Internal Server Error' for url 'https://my.api.mockaroo.com/manufacturing_quality_data.json?key=0357c980'\nFor more information check: https://developer.mozilla.org/en-US/docs/Web/HTTP/Status/500", "request_id": null}
{"timestamp": "2026-08-07T10:07:35+0530", "level": "ERROR", "logger": "app.agents.quality.scheduler.polling_service", "event": "Polling cycle failed: Server error '500 Internal Server Error' for url 'https://my.api.mockaroo.com/manufacturing_quality_data.json?key=0357c980'\nFor more information check: https://developer.mozilla.org/en-US/docs/Web/HTTP/Status/500", "request_id": null}
{"timestamp": "2026-08-07T10:07:46+0530", "level": "ERROR", "logger": "app.agents.quality.scheduler.polling_service", "event": "Polling cycle failed: Server error '500 Internal Server Error' for url 'https://my.api.mockaroo.com/manufacturing_quality_data.json?key=0357c980'\nFor more information check: https://developer.mozilla.org/en-US/docs/Web/HTTP/Status/500", "request_id": null}
{"timestamp": "2026-08-07T10:07:58+0530", "level": "ERROR", "logger": "app.agents.quality.scheduler.polling_service", "event": "Polling cycle failed: Server error '500 Internal Server Error' for url 'https://my.api.mockaroo.com/manufacturing_quality_data.json?key=0357c980'\nFor more information check: https://developer.mozilla.org/en-US/docs/Web/HTTP/Status/500", "request_id": null}
{"timestamp": "2026-08-07T10:08:09+0530", "level": "ERROR", "logger": "app.agents.quality.scheduler.polling_service", "event": "Polling cycle failed: Server error '500 Internal Server Error' for url 'https://my.api.mockaroo.com/manufacturing_quality_data.json?key=0357c980'\nFor more information check: https://developer.mozilla.org/en-US/docs/Web/HTTP/Status/500", "request_id": null}
{"timestamp": "2026-08-07T10:08:20+0530", "level": "ERROR", "logger": "app.agents.quality.scheduler.polling_service", "event": "Polling cycle failed: Server error '500 Internal Server Error' for url 'https://my.api.mockaroo.com/manufacturing_quality_data.json?key=0357c980'\nFor more information check: https://developer.mozilla.org/en-US/docs/Web/HTTP/Status/500", "request_id": null}
{"timestamp": "2026-08-07T10:08:31+0530", "level": "ERROR", "logger": "app.agents.quality.scheduler.polling_service", "event": "Polling cycle failed: Server error '500 Internal Server Error' for url 'https://my.api.mockaroo.com/manufacturing_quality_data.json?key=0357c980'\nFor more information check: https://developer.mozilla.org/en-US/docs/Web/HTTP/Status/500", "request_id": null}
{"timestamp": "2026-08-07T10:08:42+0530", "level": "ERROR", "logger": "app.agents.quality.scheduler.polling_service", "event": "Polling cycle failed: Server error '500 Internal Server Error' for url 'https://my.api.mockaroo.com/manufacturing_quality_data.json?key=0357c980'\nFor more information check: https://developer.mozilla.org/en-US/docs/Web/HTTP/Status/500", "request_id": null}
{"timestamp": "2026-08-07T10:08:53+0530", "level": "ERROR", "logger": "app.agents.quality.scheduler.polling_service", "event": "Polling cycle failed: Server error '500 Internal Server Error' for url 'https://my.api.mockaroo.com/manufacturing_quality_data.json?key=0357c980'\nFor more information check: https://developer.mozilla.org/en-US/docs/Web/HTTP/Status/500", "request_id": null}
{"timestamp": "2026-08-07T10:09:05+0530", "level": "ERROR", "logger": "app.agents.quality.scheduler.polling_service", "event": "Polling cycle failed: Server error '500 Internal Server Error' for url 'https://my.api.mockaroo.com/manufacturing_quality_data.json?key=0357c980'\nFor more information check: https://developer.mozilla.org/en-US/docs/Web/HTTP/Status/500", "request_id": null}
{"timestamp": "2026-08-07T10:09:16+0530", "level": "ERROR", "logger": "app.agents.quality.scheduler.polling_service", "event": "Polling cycle failed: Server error '500 Internal Server Error' for url 'https://my.api.mockaroo.com/manufacturing_quality_data.json?key=0357c980'\nFor more information check: https://developer.mozilla.org/en-US/docs/Web/HTTP/Status/500", "request_id": null}
{"timestamp": "2026-08-07T10:09:27+0530", "level": "ERROR", "logger": "app.agents.quality.scheduler.polling_service", "event": "Polling cycle failed: Server error '500 Internal Server Error' for url 'https://my.api.mockaroo.com/manufacturing_quality_data.json?key=0357c980'\nFor more information check: https://developer.mozilla.org/en-US/docs/Web/HTTP/Status/500", "request_id": null}
{"timestamp": "2026-08-07T10:09:38+0530", "level": "ERROR", "logger": "app.agents.quality.scheduler.polling_service", "event": "Polling cycle failed: Server error '500 Internal Server Error' for url 'https://my.api.mockaroo.com/manufacturing_quality_data.json?key=0357c980'\nFor more information check: https://developer.mozilla.org/en-US/docs/Web/HTTP/Status/500", "request_id": null}
{"timestamp": "2026-08-07T10:09:49+0530", "level": "ERROR", "logger": "app.agents.quality.scheduler.polling_service", "event": "Polling cycle failed: Server error '500 Internal Server Error' for url 'https://my.api.mockaroo.com/manufacturing_quality_data.json?key=0357c980'\nFor more information check: https://developer.mozilla.org/en-US/docs/Web/HTTP/Status/500", "request_id": null}
{"timestamp": "2026-08-07T10:10:00+0530", "level": "ERROR", "logger": "app.agents.quality.scheduler.polling_service", "event": "Polling cycle failed: Server error '500 Internal Server Error' for url 'https://my.api.mockaroo.com/manufacturing_quality_data.json?key=0357c980'\nFor more information check: https://developer.mozilla.org/en-US/docs/Web/HTTP/Status/500", "request_id": null}
{"timestamp": "2026-08-07T10:10:12+0530", "level": "ERROR", "logger": "app.agents.quality.scheduler.polling_service", "event": "Polling cycle failed: Server error '500 Internal Server Error' for url 'https://my.api.mockaroo.com/manufacturing_quality_data.json?key=0357c980'\nFor more information check: https://developer.mozilla.org/en-US/docs/Web/HTTP/Status/500", "request_id": null}
{"timestamp": "2026-08-07T10:10:23+0530", "level": "ERROR", "logger": "app.agents.quality.scheduler.polling_service", "event": "Polling cycle failed: Server error '500 Internal Server Error' for url 'https://my.api.mockaroo.com/manufacturing_quality_data.json?key=0357c980'\nFor more information check: https://developer.mozilla.org/en-US/docs/Web/HTTP/Status/500", "request_id": null}
{"timestamp": "2026-08-07T10:10:34+0530", "level": "ERROR", "logger": "app.agents.quality.scheduler.polling_service", "event": "Polling cycle failed: Server error '500 Internal Server Error' for url 'https://my.api.mockaroo.com/manufacturing_quality_data.json?key=0357c980'\nFor more information check: https://developer.mozilla.org/en-US/docs/Web/HTTP/Status/500", "request_id": null}
{"timestamp": "2026-08-07T10:10:45+0530", "level": "ERROR", "logger": "app.agents.quality.scheduler.polling_service", "event": "Polling cycle failed: Server error '500 Internal Server Error' for url 'https://my.api.mockaroo.com/manufacturing_quality_data.json?key=0357c980'\nFor more information check: https://developer.mozilla.org/en-US/docs/Web/HTTP/Status/500", "request_id": null}
{"timestamp": "2026-08-07T10:10:56+0530", "level": "ERROR", "logger": "app.agents.quality.scheduler.polling_service", "event": "Polling cycle failed: Server error '500 Internal Server Error' for url 'https://my.api.mockaroo.com/manufacturing_quality_data.json?key=0357c980'\nFor more information check: https://developer.mozilla.org/en-US/docs/Web/HTTP/Status/500", "request_id": null}
{"timestamp": "2026-08-07T10:11:07+0530", "level": "ERROR", "logger": "app.agents.quality.scheduler.polling_service", "event": "Polling cycle failed: Server error '500 Internal Server Error' for url 'https://my.api.mockaroo.com/manufacturing_quality_data.json?key=0357c980'\nFor more information check: https://developer.mozilla.org/en-US/docs/Web/HTTP/Status/500", "request_id": null}
{"timestamp": "2026-08-07T10:11:18+0530", "level": "ERROR", "logger": "app.agents.quality.scheduler.polling_service", "event": "Polling cycle failed: Server error '500 Internal Server Error' for url 'https://my.api.mockaroo.com/manufacturing_quality_data.json?key=0357c980'\nFor more information check: https://developer.mozilla.org/en-US/docs/Web/HTTP/Status/500", "request_id": null}
{"timestamp": "2026-08-07T10:11:29+0530", "level": "ERROR", "logger": "app.agents.quality.scheduler.polling_service", "event": "Polling cycle failed: Server error '500 Internal Server Error' for url 'https://my.api.mockaroo.com/manufacturing_quality_data.json?key=0357c980'\nFor more information check: https://developer.mozilla.org/en-US/docs/Web/HTTP/Status/500", "request_id": null}
{"timestamp": "2026-08-07T10:11:40+0530", "level": "ERROR", "logger": "app.agents.quality.scheduler.polling_service", "event": "Polling cycle failed: Server error '500 Internal Server Error' for url 'https://my.api.mockaroo.com/manufacturing_quality_data.json?key=0357c980'\nFor more information check: https://developer.mozilla.org/en-US/docs/Web/HTTP/Status/500", "request_id": null}
{"timestamp": "2026-08-07T10:11:51+0530", "level": "ERROR", "logger": "app.agents.quality.scheduler.polling_service", "event": "Polling cycle failed: Server error '500 Internal Server Error' for url 'https://my.api.mockaroo.com/manufacturing_quality_data.json?key=0357c980'\nFor more information check: https://developer.mozilla.org/en-US/docs/Web/HTTP/Status/500", "request_id": null}
{"timestamp": "2026-08-07T10:12:02+0530", "level": "ERROR", "logger": "app.agents.quality.scheduler.polling_service", "event": "Polling cycle failed: Server error '500 Internal Server Error' for url 'https://my.api.mockaroo.com/manufacturing_quality_data.json?key=0357c980'\nFor more information check: https://developer.mozilla.org/en-US/docs/Web/HTTP/Status/500", "request_id": null}
{"timestamp": "2026-08-07T10:12:13+0530", "level": "ERROR", "logger": "app.agents.quality.scheduler.polling_service", "event": "Polling cycle failed: Server error '500 Internal Server Error' for url 'https://my.api.mockaroo.com/manufacturing_quality_data.json?key=0357c980'\nFor more information check: https://developer.mozilla.org/en-US/docs/Web/HTTP/Status/500", "request_id": null}
{"timestamp": "2026-08-07T10:12:25+0530", "level": "ERROR", "logger": "app.agents.quality.scheduler.polling_service", "event": "Polling cycle failed: Server error '500 Internal Server Error' for url 'https://my.api.mockaroo.com/manufacturing_quality_data.json?key=0357c980'\nFor more information check: https://developer.mozilla.org/en-US/docs/Web/HTTP/Status/500", "request_id": null}
{"timestamp": "2026-08-07T10:12:36+0530", "level": "ERROR", "logger": "app.agents.quality.scheduler.polling_service", "event": "Polling cycle failed: Server error '500 Internal Server Error' for url 'https://my.api.mockaroo.com/manufacturing_quality_data.json?key=0357c980'\nFor more information check: https://developer.mozilla.org/en-US/docs/Web/HTTP/Status/500", "request_id": null}
{"timestamp": "2026-08-07T10:12:47+0530", "level": "ERROR", "logger": "app.agents.quality.scheduler.polling_service", "event": "Polling cycle failed: Server error '500 Internal Server Error' for url 'https://my.api.mockaroo.com/manufacturing_quality_data.json?key=0357c980'\nFor more information check: https://developer.mozilla.org/en-US/docs/Web/HTTP/Status/500", "request_id": null}
{"timestamp": "2026-08-07T10:12:58+0530", "level": "ERROR", "logger": "app.agents.quality.scheduler.polling_service", "event": "Polling cycle failed: Server error '500 Internal Server Error' for url 'https://my.api.mockaroo.com/manufacturing_quality_data.json?key=0357c980'\nFor more information check: https://developer.mozilla.org/en-US/docs/Web/HTTP/Status/500", "request_id": null}
{"timestamp": "2026-08-07T10:13:09+0530", "level": "ERROR", "logger": "app.agents.quality.scheduler.polling_service", "event": "Polling cycle failed: Server error '500 Internal Server Error' for url 'https://my.api.mockaroo.com/manufacturing_quality_data.json?key=0357c980'\nFor more information check: https://developer.mozilla.org/en-US/docs/Web/HTTP/Status/500", "request_id": null}
{"timestamp": "2026-08-07T10:13:20+0530", "level": "ERROR", "logger": "app.agents.quality.scheduler.polling_service", "event": "Polling cycle failed: Server error '500 Internal Server Error' for url 'https://my.api.mockaroo.com/manufacturing_quality_data.json?key=0357c980'\nFor more information check: https://developer.mozilla.org/en-US/docs/Web/HTTP/Status/500", "request_id": null}
{"timestamp": "2026-08-07T10:13:31+0530", "level": "ERROR", "logger": "app.agents.quality.scheduler.polling_service", "event": "Polling cycle failed: Server error '500 Internal Server Error' for url 'https://my.api.mockaroo.com/manufacturing_quality_data.json?key=0357c980'\nFor more information check: https://developer.mozilla.org/en-US/docs/Web/HTTP/Status/500", "request_id": null}
{"timestamp": "2026-08-07T10:13:42+0530", "level": "ERROR", "logger": "app.agents.quality.scheduler.polling_service", "event": "Polling cycle failed: Server error '500 Internal Server Error' for url 'https://my.api.mockaroo.com/manufacturing_quality_data.json?key=0357c980'\nFor more information check: https://developer.mozilla.org/en-US/docs/Web/HTTP/Status/500", "request_id": null}
{"timestamp": "2026-08-07T10:13:53+0530", "level": "ERROR", "logger": "app.agents.quality.scheduler.polling_service", "event": "Polling cycle failed: Server error '500 Internal Server Error' for url 'https://my.api.mockaroo.com/manufacturing_quality_data.json?key=0357c980'\nFor more information check: https://developer.mozilla.org/en-US/docs/Web/HTTP/Status/500", "request_id": null}
{"timestamp": "2026-08-07T10:14:04+0530", "level": "ERROR", "logger": "app.agents.quality.scheduler.polling_service", "event": "Polling cycle failed: Server error '500 Internal Server Error' for url 'https://my.api.mockaroo.com/manufacturing_quality_data.json?key=0357c980'\nFor more information check: https://developer.mozilla.org/en-US/docs/Web/HTTP/Status/500", "request_id": null}
{"timestamp": "2026-08-07T10:14:16+0530", "level": "ERROR", "logger": "app.agents.quality.scheduler.polling_service", "event": "Polling cycle failed: Server error '500 Internal Server Error' for url 'https://my.api.mockaroo.com/manufacturing_quality_data.json?key=0357c980'\nFor more information check: https://developer.mozilla.org/en-US/docs/Web/HTTP/Status/500", "request_id": null}
{"timestamp": "2026-08-07T10:14:27+0530", "level": "ERROR", "logger": "app.agents.quality.scheduler.polling_service", "event": "Polling cycle failed: Server error '500 Internal Server Error' for url 'https://my.api.mockaroo.com/manufacturing_quality_data.json?key=0357c980'\nFor more information check: https://developer.mozilla.org/en-US/docs/Web/HTTP/Status/500", "request_id": null}
{"timestamp": "2026-08-07T10:14:38+0530", "level": "ERROR", "logger": "app.agents.quality.scheduler.polling_service", "event": "Polling cycle failed: Server error '500 Internal Server Error' for url 'https://my.api.mockaroo.com/manufacturing_quality_data.json?key=0357c980'\nFor more information check: https://developer.mozilla.org/en-US/docs/Web/HTTP/Status/500", "request_id": null}
{"timestamp": "2026-08-07T10:14:49+0530", "level": "ERROR", "logger": "app.agents.quality.scheduler.polling_service", "event": "Polling cycle failed: Server error '500 Internal Server Error' for url 'https://my.api.mockaroo.com/manufacturing_quality_data.json?key=0357c980'\nFor more information check: https://developer.mozilla.org/en-US/docs/Web/HTTP/Status/500", "request_id": null}
{"timestamp": "2026-08-07T10:15:00+0530", "level": "ERROR", "logger": "app.agents.quality.scheduler.polling_service", "event": "Polling cycle failed: Server error '500 Internal Server Error' for url 'https://my.api.mockaroo.com/manufacturing_quality_data.json?key=0357c980'\nFor more information check: https://developer.mozilla.org/en-US/docs/Web/HTTP/Status/500", "request_id": null}
{"timestamp": "2026-08-07T10:15:11+0530", "level": "ERROR", "logger": "app.agents.quality.scheduler.polling_service", "event": "Polling cycle failed: Server error '500 Internal Server Error' for url 'https://my.api.mockaroo.com/manufacturing_quality_data.json?key=0357c980'\nFor more information check: https://developer.mozilla.org/en-US/docs/Web/HTTP/Status/500", "request_id": null}
{"timestamp": "2026-08-07T10:15:22+0530", "level": "ERROR", "logger": "app.agents.quality.scheduler.polling_service", "event": "Polling cycle failed: Server error '500 Internal Server Error' for url 'https://my.api.mockaroo.com/manufacturing_quality_data.json?key=0357c980'\nFor more information check: https://developer.mozilla.org/en-US/docs/Web/HTTP/Status/500", "request_id": null}
{"timestamp": "2026-08-07T10:15:33+0530", "level": "ERROR", "logger": "app.agents.quality.scheduler.polling_service", "event": "Polling cycle failed: Server error '500 Internal Server Error' for url 'https://my.api.mockaroo.com/manufacturing_quality_data.json?key=0357c980'\nFor more information check: https://developer.mozilla.org/en-US/docs/Web/HTTP/Status/500", "request_id": null}
{"timestamp": "2026-08-07T10:15:44+0530", "level": "ERROR", "logger": "app.agents.quality.scheduler.polling_service", "event": "Polling cycle failed: Server error '500 Internal Server Error' for url 'https://my.api.mockaroo.com/manufacturing_quality_data.json?key=0357c980'\nFor more information check: https://developer.mozilla.org/en-US/docs/Web/HTTP/Status/500", "request_id": null}
{"timestamp": "2026-08-07T10:15:55+0530", "level": "ERROR", "logger": "app.agents.quality.scheduler.polling_service", "event": "Polling cycle failed: Server error '500 Internal Server Error' for url 'https://my.api.mockaroo.com/manufacturing_quality_data.json?key=0357c980'\nFor more information check: https://developer.mozilla.org/en-US/docs/Web/HTTP/Status/500", "request_id": null}
{"timestamp": "2026-08-07T10:16:08+0530", "level": "ERROR", "logger": "app.agents.quality.scheduler.polling_service", "event": "Polling cycle failed: Server error '500 Internal Server Error' for url 'https://my.api.mockaroo.com/manufacturing_quality_data.json?key=0357c980'\nFor more information check: https://developer.mozilla.org/en-US/docs/Web/HTTP/Status/500", "request_id": null}
{"timestamp": "2026-08-07T10:16:19+0530", "level": "ERROR", "logger": "app.agents.quality.scheduler.polling_service", "event": "Polling cycle failed: Server error '500 Internal Server Error' for url 'https://my.api.mockaroo.com/manufacturing_quality_data.json?key=0357c980'\nFor more information check: https://developer.mozilla.org/en-US/docs/Web/HTTP/Status/500", "request_id": null}
{"timestamp": "2026-08-07T10:16:32+0530", "level": "ERROR", "logger": "app.agents.quality.scheduler.polling_service", "event": "Polling cycle failed: Server error '500 Internal Server Error' for url 'https://my.api.mockaroo.com/manufacturing_quality_data.json?key=0357c980'\nFor more information check: https://developer.mozilla.org/en-US/docs/Web/HTTP/Status/500", "request_id": null}
{"timestamp": "2026-08-07T10:16:44+0530", "level": "ERROR", "logger": "app.agents.quality.scheduler.polling_service", "event": "Polling cycle failed: Server error '500 Internal Server Error' for url 'https://my.api.mockaroo.com/manufacturing_quality_data.json?key=0357c980'\nFor more information check: https://developer.mozilla.org/en-US/docs/Web/HTTP/Status/500", "request_id": null}
{"timestamp": "2026-08-07T10:16:55+0530", "level": "ERROR", "logger": "app.agents.quality.scheduler.polling_service", "event": "Polling cycle failed: Server error '500 Internal Server Error' for url 'https://my.api.mockaroo.com/manufacturing_quality_data.json?key=0357c980'\nFor more information check: https://developer.mozilla.org/en-US/docs/Web/HTTP/Status/500", "request_id": null}
{"timestamp": "2026-08-07T10:17:10+0530", "level": "ERROR", "logger": "app.agents.quality.scheduler.polling_service", "event": "Polling cycle failed: Server error '500 Internal Server Error' for url 'https://my.api.mockaroo.com/manufacturing_quality_data.json?key=0357c980'\nFor more information check: https://developer.mozilla.org/en-US/docs/Web/HTTP/Status/500", "request_id": null}
{"timestamp": "2026-08-07T10:17:21+0530", "level": "ERROR", "logger": "app.agents.quality.scheduler.polling_service", "event": "Polling cycle failed: Server error '500 Internal Server Error' for url 'https://my.api.mockaroo.com/manufacturing_quality_data.json?key=0357c980'\nFor more information check: https://developer.mozilla.org/en-US/docs/Web/HTTP/Status/500", "request_id": null}
{"timestamp": "2026-08-07T10:17:32+0530", "level": "ERROR", "logger": "app.agents.quality.scheduler.polling_service", "event": "Polling cycle failed: Server error '500 Internal Server Error' for url 'https://my.api.mockaroo.com/manufacturing_quality_data.json?key=0357c980'\nFor more information check: https://developer.mozilla.org/en-US/docs/Web/HTTP/Status/500", "request_id": null}
{"timestamp": "2026-08-07T10:17:45+0530", "level": "ERROR", "logger": "app.agents.quality.scheduler.polling_service", "event": "Polling cycle failed: Server error '500 Internal Server Error' for url 'https://my.api.mockaroo.com/manufacturing_quality_data.json?key=0357c980'\nFor more information check: https://developer.mozilla.org/en-US/docs/Web/HTTP/Status/500", "request_id": null}
{"timestamp": "2026-08-07T10:17:56+0530", "level": "ERROR", "logger": "app.agents.quality.scheduler.polling_service", "event": "Polling cycle failed: Server error '500 Internal Server Error' for url 'https://my.api.mockaroo.com/manufacturing_quality_data.json?key=0357c980'\nFor more information check: https://developer.mozilla.org/en-US/docs/Web/HTTP/Status/500", "request_id": null}
{"timestamp": "2026-08-07T10:18:07+0530", "level": "ERROR", "logger": "app.agents.quality.scheduler.polling_service", "event": "Polling cycle failed: Server error '500 Internal Server Error' for url 'https://my.api.mockaroo.com/manufacturing_quality_data.json?key=0357c980'\nFor more information check: https://developer.mozilla.org/en-US/docs/Web/HTTP/Status/500", "request_id": null}
{"timestamp": "2026-08-07T10:18:18+0530", "level": "ERROR", "logger": "app.agents.quality.scheduler.polling_service", "event": "Polling cycle failed: Server error '500 Internal Server Error' for url 'https://my.api.mockaroo.com/manufacturing_quality_data.json?key=0357c980'\nFor more information check: https://developer.mozilla.org/en-US/docs/Web/HTTP/Status/500", "request_id": null}
{"timestamp": "2026-08-07T10:18:30+0530", "level": "ERROR", "logger": "app.agents.quality.scheduler.polling_service", "event": "Polling cycle failed: Server error '500 Internal Server Error' for url 'https://my.api.mockaroo.com/manufacturing_quality_data.json?key=0357c980'\nFor more information check: https://developer.mozilla.org/en-US/docs/Web/HTTP/Status/500", "request_id": null}
{"timestamp": "2026-08-07T10:18:41+0530", "level": "ERROR", "logger": "app.agents.quality.scheduler.polling_service", "event": "Polling cycle failed: Server error '500 Internal Server Error' for url 'https://my.api.mockaroo.com/manufacturing_quality_data.json?key=0357c980'\nFor more information check: https://developer.mozilla.org/en-US/docs/Web/HTTP/Status/500", "request_id": null}
{"timestamp": "2026-08-07T10:18:57+0530", "level": "ERROR", "logger": "app.agents.quality.scheduler.polling_service", "event": "Polling cycle failed: Server error '500 Internal Server Error' for url 'https://my.api.mockaroo.com/manufacturing_quality_data.json?key=0357c980'\nFor more information check: https://developer.mozilla.org/en-US/docs/Web/HTTP/Status/500", "request_id": null}
{"timestamp": "2026-08-07T10:19:09+0530", "level": "ERROR", "logger": "app.agents.quality.scheduler.polling_service", "event": "Polling cycle failed: Server error '500 Internal Server Error' for url 'https://my.api.mockaroo.com/manufacturing_quality_data.json?key=0357c980'\nFor more information check: https://developer.mozilla.org/en-US/docs/Web/HTTP/Status/500", "request_id": null}
{"timestamp": "2026-08-07T10:19:20+0530", "level": "ERROR", "logger": "app.agents.quality.scheduler.polling_service", "event": "Polling cycle failed: Server error '500 Internal Server Error' for url 'https://my.api.mockaroo.com/manufacturing_quality_data.json?key=0357c980'\nFor more information check: https://developer.mozilla.org/en-US/docs/Web/HTTP/Status/500", "request_id": null}
{"timestamp": "2026-08-07T10:19:31+0530", "level": "ERROR", "logger": "app.agents.quality.scheduler.polling_service", "event": "Polling cycle failed: Server error '500 Internal Server Error' for url 'https://my.api.mockaroo.com/manufacturing_quality_data.json?key=0357c980'\nFor more information check: https://developer.mozilla.org/en-US/docs/Web/HTTP/Status/500", "request_id": null}
{"timestamp": "2026-08-07T10:19:43+0530", "level": "ERROR", "logger": "app.agents.quality.scheduler.polling_service", "event": "Polling cycle failed: Server error '500 Internal Server Error' for url 'https://my.api.mockaroo.com/manufacturing_quality_data.json?key=0357c980'\nFor more information check: https://developer.mozilla.org/en-US/docs/Web/HTTP/Status/500", "request_id": null}
{"timestamp": "2026-08-07T10:19:56+0530", "level": "ERROR", "logger": "app.agents.quality.scheduler.polling_service", "event": "Polling cycle failed: Server error '500 Internal Server Error' for url 'https://my.api.mockaroo.com/manufacturing_quality_data.json?key=0357c980'\nFor more information check: https://developer.mozilla.org/en-US/docs/Web/HTTP/Status/500", "request_id": null}
{"timestamp": "2026-08-07T10:20:08+0530", "level": "ERROR", "logger": "app.agents.quality.scheduler.polling_service", "event": "Polling cycle failed: Server error '500 Internal Server Error' for url 'https://my.api.mockaroo.com/manufacturing_quality_data.json?key=0357c980'\nFor more information check: https://developer.mozilla.org/en-US/docs/Web/HTTP/Status/500", "request_id": null}
{"timestamp": "2026-08-07T10:20:19+0530", "level": "ERROR", "logger": "app.agents.quality.scheduler.polling_service", "event": "Polling cycle failed: Server error '500 Internal Server Error' for url 'https://my.api.mockaroo.com/manufacturing_quality_data.json?key=0357c980'\nFor more information check: https://developer.mozilla.org/en-US/docs/Web/HTTP/Status/500", "request_id": null}
{"timestamp": "2026-08-07T10:20:30+0530", "level": "ERROR", "logger": "app.agents.quality.scheduler.polling_service", "event": "Polling cycle failed: Server error '500 Internal Server Error' for url 'https://my.api.mockaroo.com/manufacturing_quality_data.json?key=0357c980'\nFor more information check: https://developer.mozilla.org/en-US/docs/Web/HTTP/Status/500", "request_id": null}
{"timestamp": "2026-08-07T10:20:43+0530", "level": "ERROR", "logger": "app.agents.quality.scheduler.polling_service", "event": "Polling cycle failed: Server error '500 Internal Server Error' for url 'https://my.api.mockaroo.com/manufacturing_quality_data.json?key=0357c980'\nFor more information check: https://developer.mozilla.org/en-US/docs/Web/HTTP/Status/500", "request_id": null}
{"timestamp": "2026-08-07T10:20:54+0530", "level": "ERROR", "logger": "app.agents.quality.scheduler.polling_service", "event": "Polling cycle failed: Server error '500 Internal Server Error' for url 'https://my.api.mockaroo.com/manufacturing_quality_data.json?key=0357c980'\nFor more information check: https://developer.mozilla.org/en-US/docs/Web/HTTP/Status/500", "request_id": null}
{"timestamp": "2026-08-07T10:21:05+0530", "level": "ERROR", "logger": "app.agents.quality.scheduler.polling_service", "event": "Polling cycle failed: Server error '500 Internal Server Error' for url 'https://my.api.mockaroo.com/manufacturing_quality_data.json?key=0357c980'\nFor more information check: https://developer.mozilla.org/en-US/docs/Web/HTTP/Status/500", "request_id": null}
{"timestamp": "2026-08-07T10:21:17+0530", "level": "ERROR", "logger": "app.agents.quality.scheduler.polling_service", "event": "Polling cycle failed: Server error '500 Internal Server Error' for url 'https://my.api.mockaroo.com/manufacturing_quality_data.json?key=0357c980'\nFor more information check: https://developer.mozilla.org/en-US/docs/Web/HTTP/Status/500", "request_id": null}
{"timestamp": "2026-08-07T10:21:30+0530", "level": "ERROR", "logger": "app.agents.quality.scheduler.polling_service", "event": "Polling cycle failed: Server error '500 Internal Server Error' for url 'https://my.api.mockaroo.com/manufacturing_quality_data.json?key=0357c980'\nFor more information check: https://developer.mozilla.org/en-US/docs/Web/HTTP/Status/500", "request_id": null}
{"timestamp": "2026-08-07T10:21:44+0530", "level": "ERROR", "logger": "app.agents.quality.scheduler.polling_service", "event": "Polling cycle failed: Server error '500 Internal Server Error' for url 'https://my.api.mockaroo.com/manufacturing_quality_data.json?key=0357c980'\nFor more information check: https://developer.mozilla.org/en-US/docs/Web/HTTP/Status/500", "request_id": null}
{"timestamp": "2026-08-07T10:21:55+0530", "level": "ERROR", "logger": "app.agents.quality.scheduler.polling_service", "event": "Polling cycle failed: Server error '500 Internal Server Error' for url 'https://my.api.mockaroo.com/manufacturing_quality_data.json?key=0357c980'\nFor more information check: https://developer.mozilla.org/en-US/docs/Web/HTTP/Status/500", "request_id": null}
{"timestamp": "2026-08-07T10:22:06+0530", "level": "ERROR", "logger": "app.agents.quality.scheduler.polling_service", "event": "Polling cycle failed: Server error '500 Internal Server Error' for url 'https://my.api.mockaroo.com/manufacturing_quality_data.json?key=0357c980'\nFor more information check: https://developer.mozilla.org/en-US/docs/Web/HTTP/Status/500", "request_id": null}
{"timestamp": "2026-08-07T10:22:18+0530", "level": "ERROR", "logger": "app.agents.quality.scheduler.polling_service", "event": "Polling cycle failed: Server error '500 Internal Server Error' for url 'https://my.api.mockaroo.com/manufacturing_quality_data.json?key=0357c980'\nFor more information check: https://developer.mozilla.org/en-US/docs/Web/HTTP/Status/500", "request_id": null}
{"timestamp": "2026-08-07T10:22:30+0530", "level": "ERROR", "logger": "app.agents.quality.scheduler.polling_service", "event": "Polling cycle failed: Server error '500 Internal Server Error' for url 'https://my.api.mockaroo.com/manufacturing_quality_data.json?key=0357c980'\nFor more information check: https://developer.mozilla.org/en-US/docs/Web/HTTP/Status/500", "request_id": null}
{"timestamp": "2026-08-07T10:22:41+0530", "level": "ERROR", "logger": "app.agents.quality.scheduler.polling_service", "event": "Polling cycle failed: Server error '500 Internal Server Error' for url 'https://my.api.mockaroo.com/manufacturing_quality_data.json?key=0357c980'\nFor more information check: https://developer.mozilla.org/en-US/docs/Web/HTTP/Status/500", "request_id": null}
{"timestamp": "2026-08-07T10:22:52+0530", "level": "ERROR", "logger": "app.agents.quality.scheduler.polling_service", "event": "Polling cycle failed: Server error '500 Internal Server Error' for url 'https://my.api.mockaroo.com/manufacturing_quality_data.json?key=0357c980'\nFor more information check: https://developer.mozilla.org/en-US/docs/Web/HTTP/Status/500", "request_id": null}
{"timestamp": "2026-08-07T10:23:04+0530", "level": "ERROR", "logger": "app.agents.quality.scheduler.polling_service", "event": "Polling cycle failed: Server error '500 Internal Server Error' for url 'https://my.api.mockaroo.com/manufacturing_quality_data.json?key=0357c980'\nFor more information check: https://developer.mozilla.org/en-US/docs/Web/HTTP/Status/500", "request_id": null}
INFO:     Shutting down
INFO:     Waiting for application shutdown.
{"timestamp": "2026-08-07T10:23:08+0530", "level": "INFO", "logger": "app.main", "event": "OneForAll  stopped", "request_id": null}
INFO:     Application shutdown complete.
INFO:     Finished server process [179744]
